changes are done...........


ttn@animesh-deepak:TestExample2 (master)$ git status
On branch master
Your branch is up to date with 'origin/master'.

Changes to be committed:
  (use "git reset HEAD <file>..." to unstage)

	new file:   question17

ttn@animesh-deepak:TestExample2 (master)$ git stash
Saved working directory and index state WIP on master: 5502fb5 branch color change
ttn@animesh-deepak:TestExample2 (master)$

====================================

ttn@animesh-deepak:TestExample2 (master)$ git stash list
stash@{0}: WIP on master: 5502fb5 branch color change

==================================

ttn@animesh-deepak:TestExample2 (master)$ git status
On branch master
Your branch is up to date with 'origin/master'.

Untracked files:
  (use "git add <file>..." to include in what will be committed)

	question17

nothing added to commit but untracked files present (use "git add" to track)
ttn@animesh-deepak:TestExample2 (master)$

====================================
stash@{0}: WIP on master: 5502fb5 branch color change
ttn@animesh-deepak:TestExample2 (master)$ git stash pop
Auto-merging question17
CONFLICT (add/add): Merge conflict in question17
