ttn@animesh-deepak:~/cloneExercise2/TestExample2$ touch question4
ttn@animesh-deepak:~/cloneExercise2/TestExample2$ atom question4
ttn@animesh-deepak:~/cloneExercise2/TestExample2$ git add .
ttn@animesh-deepak:~/cloneExercise2/TestExample2$ git status
On branch master
Your branch is up to date with 'origin/master'.

Changes to be committed:
  (use "git reset HEAD <file>..." to unstage)

	new file:   question4

ttn@animesh-deepak:~/cloneExercise2/TestExample2$ git reset HEAD question4
ttn@animesh-deepak:~/cloneExercise2/TestExample2$ git status
On branch master
Your branch is up to date with 'origin/master'.

Untracked files:
  (use "git add <file>..." to include in what will be committed)

	question4

nothing added to commit but untracked files present (use "git add" to track)
ttn@animesh-deepak:~/cloneExercise2/TestExample2$
